// Jest Snapshot v1, https://goo.gl/fbAQLP

exports[`renders correctly 1`] = `
<View
  style={
    Object {
      "alignItems": "center",
      "flex": 1,
      "flexDirection": "row",
      "height": 40,
    }
  }
>
  <Text
    accessible={true}
    allowFontScaling={true}
    ellipsizeMode="tail"
    style={
      Object {
        "flex": 1,
        "fontSize": 18,
        "paddingLeft": 20,
      }
    }
  />
  <TextInput
    allowFontScaling={true}
    autoCorrect={false}
    onChangeText={[Function]}
    placeholder={undefined}
    secureTextEntry={undefined}
    style={
      Object {
        "color": "#000",
        "flex": 2,
        "fontSize": 18,
        "lineHeight": 25,
        "paddingLeft": 5,
        "paddingRight": 5,
      }
    }
    value={undefined}
  />
</View>
`;
